 win_140

 Timestamp is 680bcba8 (Fri Apr 25 20:51:36 2025)

 Preferred load address is 0000000140000000

 Start         Length     Name                   Class
 0001:00000000 00001060H .text$mn                CODE
 0001:00001060 00000036H .text$mn$00             CODE
 0002:00000000 00000138H .idata$5                DATA
 0002:00000138 00000038H .00cfg                  DATA
 0002:00000168 00000000H .gfids$y                DATA
 0002:00000170 00000310H .rdata                  DATA
 0002:00000480 00000000H .rdata$CastGuardVftablesA DATA
 0002:00000480 00000000H .rdata$CastGuardVftablesC DATA
 0002:00000480 00000074H .rdata$r                DATA
 0002:000004f4 0000006cH .rdata$zzzdbg           DATA
 0002:00000560 000000f4H .xdata                  DATA
 0002:00000654 00000020H .didat$2                DATA
 0002:00000674 00000024H .didat$3                DATA
 0002:00000698 00000020H .didat$4                DATA
 0002:000006b8 000000d0H .didat$6                DATA
 0002:00000788 00000020H .didat$7                DATA
 0002:000007a8 00000020H .didat$8                DATA
 0002:000007c8 00000000H .edata                  DATA
 0002:000007c8 00000064H .idata$2                DATA
 0002:0000082c 00000014H .idata$3                DATA
 0002:00000840 00000138H .idata$4                DATA
 0002:00000978 000002b0H .idata$6                DATA
 0003:00000000 00000050H .data                   DATA
 0003:00000050 00000018H .data$r                 DATA
 0003:00000068 00000020H .data$rs                DATA
 0003:00000088 00000028H .didat$5                DATA
 0003:000000b0 000005b8H .bss                    DATA
 0004:00000000 00000144H .pdata                  DATA
 0005:00000000 00000130H .rsrc$01                DATA
 0005:00000130 00001040H .rsrc$02                DATA

  Address         Publics by Value              Rva+Base               Lib:Object

 0000:00000000       __AbsoluteZero             0000000000000000     <absolute>
 0000:00000000       __arm64x_extra_rfe_table   0000000000000000     <absolute>
 0000:00000000       __arm64x_extra_rfe_table_size 0000000000000000     <absolute>
 0000:00000000       __arm64x_native_entrypoint 0000000000000000     <absolute>
 0000:00000000       __arm64x_redirection_metadata 0000000000000000     <absolute>
 0000:00000000       __arm64x_redirection_metadata_count 0000000000000000     <absolute>
 0000:00000000       __dynamic_value_reloc_table 0000000000000000     <absolute>
 0000:00000000       __enclave_config           0000000000000000     <absolute>
 0000:00000000       __guard_check_icall_a64n_fptr 0000000000000000     <absolute>
 0000:00000000       __guard_eh_cont_count      0000000000000000     <absolute>
 0000:00000000       __guard_eh_cont_table      0000000000000000     <absolute>
 0000:00000000       __guard_fids_count         0000000000000000     <absolute>
 0000:00000000       __guard_fids_table         0000000000000000     <absolute>
 0000:00000000       __guard_iat_count          0000000000000000     <absolute>
 0000:00000000       __guard_iat_table          0000000000000000     <absolute>
 0000:00000000       __guard_longjmp_count      0000000000000000     <absolute>
 0000:00000000       __guard_longjmp_table      0000000000000000     <absolute>
 0000:00000000       __guard_memcpy_fptr        0000000000000000     <absolute>
 0000:00000000       __hybrid_auxiliary_delayload_iat 0000000000000000     <absolute>
 0000:00000000       __hybrid_auxiliary_delayload_iat_copy 0000000000000000     <absolute>
 0000:00000000       __hybrid_auxiliary_iat     0000000000000000     <absolute>
 0000:00000000       __hybrid_auxiliary_iat_copy 0000000000000000     <absolute>
 0000:00000000       __hybrid_code_map          0000000000000000     <absolute>
 0000:00000000       __hybrid_code_map_count    0000000000000000     <absolute>
 0000:00000000       __hybrid_image_info_bitfield 0000000000000000     <absolute>
 0000:00000000       __volatile_metadata        0000000000000000     <absolute>
 0000:00000000       __x64_code_ranges_to_entry_points 0000000000000000     <absolute>
 0000:00000000       __x64_code_ranges_to_entry_points_count 0000000000000000     <absolute>
 0000:00000100       __guard_flags              0000000000000100     <absolute>
 0000:00000000       __ImageBase                0000000140000000     <linker-defined>
 0001:00000000       ?DliHook@@YAP6A_JXZIPEAUDelayLoadInfo@@@Z 0000000140001000 f   ep.obj
 0001:00000040       ?_Do_call@@YAXXZ           0000000140001040 f   ep.obj
 0001:00000054       ?tf@@YAKPEAV_ContextCallback@details@Concurrency@@@Z 0000000140001054 f   ep.obj
 0001:000000d4       ??_G_ContextCallback@details@Concurrency@@QEAAPEAXI@Z 00000001400010d4 f i ep.obj
 0001:00000100       ?ep@@YAXPEAX@Z             0000000140001100 f   ep.obj
 0001:00000284       ?_Delete_this@?$_Func_impl_no_alloc@P6AXXZX$$V@std@@EEAAX_N@Z 0000000140001284 f i ep.obj
 0001:000002ac       ?_Get@?$_Func_impl_no_alloc@P6AXXZX$$V@std@@EEBAPEBXXZ 00000001400012ac f i ep.obj
 0001:000002b4       ?_Target_type@?$_Func_impl_no_alloc@P6AXXZX$$V@std@@EEBAAEBVtype_info@@XZ 00000001400012b4 f i ep.obj
 0001:000002bc       ?_Do_call@?$_Func_impl_no_alloc@P6AXXZX$$V@std@@EEAAXXZ 00000001400012bc f i ep.obj
 0001:000002c0       ?_Copy@?$_Func_impl_no_alloc@P6AXXZX$$V@std@@EEBAPEAV?$_Func_base@X$$V@2@PEAX@Z 00000001400012c0 f i ep.obj
 0001:000002c0       ?_Move@?$_Func_impl_no_alloc@P6AXXZX$$V@std@@EEAAPEAV?$_Func_base@X$$V@2@PEAX@Z 00000001400012c0 f i ep.obj
 0001:000002d8       ?_CaptureCurrent@_ContextCallback@details@Concurrency@@SA?AV123@XZ 00000001400012d8 f i ep.obj
 0001:000002f4       ??2@YAPEAX_K@Z             00000001400012f4 f   stdafx.obj
 0001:00000314       ??3@YAXPEAX_K@Z            0000000140001314 f   stdafx.obj
 0001:00000337       __tailMerge_msvcp140_dll   0000000140001337     msvcprt:MSVCP140.dll
 0001:000003b0       __imp_load_?_CallInContext@_ContextCallback@details@Concurrency@@QEBAXV?$function@$$A6AXXZ@std@@_N@Z 00000001400013b0 f   msvcprt:MSVCP140.dll
 0001:000003bc       __imp_load_?_Reset@_ContextCallback@details@Concurrency@@AEAAXXZ 00000001400013bc f   msvcprt:MSVCP140.dll
 0001:000003c8       __imp_load_?_Capture@_ContextCallback@details@Concurrency@@AEAAXXZ 00000001400013c8 f   msvcprt:MSVCP140.dll
 0001:000003f0       __security_check_cookie    00000001400013f0 f   msvcrt:amdsecgs.obj
 0001:00000410       ??_Etype_info@@UEAAPEAXI@Z 0000000140001410 f i msvcrt:std_type_info_static.obj
 0001:00000410       ??_Gtype_info@@UEAAPEAXI@Z 0000000140001410 f i msvcrt:std_type_info_static.obj
 0001:0000043c       __raise_securityfailure    000000014000143c f   msvcrt:gs_report.obj
 0001:00000470       __report_gsfailure         0000000140001470 f   msvcrt:gs_report.obj
 0001:000007c0       ?DloadAcquireSectionWriteAccess@@YAXXZ 00000001400017c0 f i Delayimp:delayhlp.obj
 0001:0000087c       ?DloadGetSRWLockFunctionPointers@@YAEXZ 000000014000187c f i Delayimp:delayhlp.obj
 0001:0000091c       ?DloadMakePermanentImageCommit@@YAXPEAX_K@Z 000000014000191c f i Delayimp:delayhlp.obj
 0001:000009b4       ?DloadObtainSection@@YAPEAXPEAK0@Z 00000001400019b4 f i Delayimp:delayhlp.obj
 0001:00000a50       ?DloadProtectSection@@YAXPEAX_KKPEAK@Z 0000000140001a50 f i Delayimp:delayhlp.obj
 0001:00000b48       ?DloadReleaseSectionWriteAccess@@YAXXZ 0000000140001b48 f i Delayimp:delayhlp.obj
 0001:00000c90       __FUnloadDelayLoadedDLL2   0000000140001c90 f   Delayimp:delayhlp.obj
 0001:00000d48       __delayLoadHelper2         0000000140001d48 f   Delayimp:delayhlp.obj
 0001:00001044       _guard_check_icall_nop     0000000140002044 f i msvcrt:guard_support.obj
 0001:00001050       strcmp                     0000000140002050 f   ucrt:api-ms-win-crt-string-l1-1-0.dll
 0001:00001070       _guard_dispatch_icall_nop  0000000140002070 f   msvcrt:guard_dispatch.obj
 0001:00001090       _guard_xfg_dispatch_icall_nop 0000000140002090 f   msvcrt:guard_xfg_dispatch.obj
 0002:00000000       __imp_UnhandledExceptionFilter 0000000140003000     kernel32:KERNEL32.dll
 0002:00000008       __imp_GetSystemInfo        0000000140003008     kernel32:KERNEL32.dll
 0002:00000010       __imp_LoadLibraryExA       0000000140003010     kernel32:KERNEL32.dll
 0002:00000018       __imp_GetLastError         0000000140003018     kernel32:KERNEL32.dll
 0002:00000020       __imp_RaiseException       0000000140003020     kernel32:KERNEL32.dll
 0002:00000028       __imp_IsProcessorFeaturePresent 0000000140003028     kernel32:KERNEL32.dll
 0002:00000030       __imp_TerminateProcess     0000000140003030     kernel32:KERNEL32.dll
 0002:00000038       __imp_GetProcAddress       0000000140003038     kernel32:KERNEL32.dll
 0002:00000040       __imp_GetModuleHandleW     0000000140003040     kernel32:KERNEL32.dll
 0002:00000048       __imp_FreeLibrary          0000000140003048     kernel32:KERNEL32.dll
 0002:00000050       __imp_VirtualQuery         0000000140003050     kernel32:KERNEL32.dll
 0002:00000058       __imp_TlsSetValue          0000000140003058     kernel32:KERNEL32.dll
 0002:00000060       __imp_TlsAlloc             0000000140003060     kernel32:KERNEL32.dll
 0002:00000068       __imp_CreateThread         0000000140003068     kernel32:KERNEL32.dll
 0002:00000070       __imp_CloseHandle          0000000140003070     kernel32:KERNEL32.dll
 0002:00000078       __imp_TlsGetValue          0000000140003078     kernel32:KERNEL32.dll
 0002:00000080       __imp_TlsFree              0000000140003080     kernel32:KERNEL32.dll
 0002:00000088       __imp_ExitProcess          0000000140003088     kernel32:KERNEL32.dll
 0002:00000090       __imp_HeapFree             0000000140003090     kernel32:KERNEL32.dll
 0002:00000098       __imp_HeapAlloc            0000000140003098     kernel32:KERNEL32.dll
 0002:000000a0       __imp_GetProcessHeap       00000001400030a0     kernel32:KERNEL32.dll
 0002:000000a8       __imp_GetCurrentProcess    00000001400030a8     kernel32:KERNEL32.dll
 0002:000000b0       __imp_SetUnhandledExceptionFilter 00000001400030b0     kernel32:KERNEL32.dll
 0002:000000b8       __imp_VirtualProtect       00000001400030b8     kernel32:KERNEL32.dll
 0002:000000c0       \177KERNEL32_NULL_THUNK_DATA 00000001400030c0     kernel32:KERNEL32.dll
 0002:000000c8       __imp_PeekMessageW         00000001400030c8     user32:USER32.dll
 0002:000000d0       __imp_DispatchMessageW     00000001400030d0     user32:USER32.dll
 0002:000000d8       __imp_MessageBoxW          00000001400030d8     user32:USER32.dll
 0002:000000e0       __imp_MsgWaitForMultipleObjectsEx 00000001400030e0     user32:USER32.dll
 0002:000000e8       \177USER32_NULL_THUNK_DATA 00000001400030e8     user32:USER32.dll
 0002:000000f0       __imp_strcmp               00000001400030f0     ucrt:api-ms-win-crt-string-l1-1-0.dll
 0002:000000f8       \177api-ms-win-crt-string-l1-1-0_NULL_THUNK_DATA 00000001400030f8     ucrt:api-ms-win-crt-string-l1-1-0.dll
 0002:00000100       __imp_RtlVirtualUnwind     0000000140003100     ntdllp:ntdll.dll
 0002:00000108       __imp_RtlLookupFunctionEntry 0000000140003108     ntdllp:ntdll.dll
 0002:00000110       __imp_RtlCaptureContext    0000000140003110     ntdllp:ntdll.dll
 0002:00000118       \177ntdll_NULL_THUNK_DATA  0000000140003118     ntdllp:ntdll.dll
 0002:00000120       __imp_CoUninitialize       0000000140003120     ole32:ole32.dll
 0002:00000128       __imp_CoInitializeEx       0000000140003128     ole32:ole32.dll
 0002:00000130       \177ole32_NULL_THUNK_DATA  0000000140003130     ole32:ole32.dll
 0002:00000138       __guard_check_icall_fptr   0000000140003138     msvcrt:guard_support.obj
 0002:00000140       __guard_xfg_check_icall_fptr 0000000140003140     msvcrt:guard_support.obj
 0002:00000148       __guard_dispatch_icall_fptr 0000000140003148     msvcrt:guard_support.obj
 0002:00000150       __guard_xfg_dispatch_icall_fptr 0000000140003150     msvcrt:guard_support.obj
 0002:00000158       __guard_xfg_table_dispatch_icall_fptr 0000000140003158     msvcrt:guard_support.obj
 0002:00000160       __castguard_check_failure_os_handled_fptr 0000000140003160     msvcrt:guard_support.obj
 0002:00000170       __sz_MSVCP140_dll          0000000140003170     msvcprt:MSVCP140.dll
 0002:00000188       ??_7type_info@@6B@         0000000140003188     msvcrt:std_type_info_static.obj
 0002:000001a0       ??_C@_1BK@DBDEIDLH@?$AAK?$AAE?$AAR?$AAN?$AAE?$AAL?$AA3?$AA2?$AA?4?$AAD?$AAL?$AAL@ 00000001400031a0     Delayimp:delayhlp.obj
 0002:000001c0       ??_C@_0BI@OMNLIJDB@AcquireSRWLockExclusive@ 00000001400031c0     Delayimp:delayhlp.obj
 0002:000001d8       ??_C@_0BI@HMIEPCNJ@ReleaseSRWLockExclusive@ 00000001400031d8     Delayimp:delayhlp.obj
 0002:000001f0       __pfnDliFailureHook2       00000001400031f0     Delayimp:delayhk1.obj
 0002:000001f8       __bChangeProtectionOfWholeDloadSection 00000001400031f8     Delayimp:delaygv1.obj
 0002:00000200       _load_config_used          0000000140003200     msvcrt:loadcfg.obj
 0002:00000340       ??_C@_0N@IFBKBIDH@MSVCP140?4dll@ 0000000140003340     ep.obj
 0002:00000350       ??_C@_0O@IDMLKOFJ@msvcp_win?4dll@ 0000000140003350     ep.obj
 0002:00000360       ??_C@_1CG@OPHGPKGO@?$AAw?$AAh?$AAi?$AAc?$AAh?$AA?5?$AAd?$AAl?$AAl?$AA?5?$AAi?$AAs?$AA?5?$AAu?$AAs@ 0000000140003360     ep.obj
 0002:00000390       ??_C@_1FC@MECPFNLI@?$AAm?$AAs?$AAv?$AAc?$AAp?$AA_?$AAw?$AAi?$AAn?$AA?5?$AA?$CI?$AA?5?$AAY?$AAe?$AAs@ 0000000140003390     ep.obj
 0002:000003e8       ??_7?$_Func_impl_no_alloc@P6AXXZX$$V@std@@6B@ 00000001400033e8     ep.obj
 0002:00000418       ??_C@_11LOCGONAA@@         0000000140003418     ep.obj
 0002:00000420       __pfnDliNotifyHook2        0000000140003420     ep.obj
 0002:00000480       ??_R4type_info@@6B@        0000000140003480     msvcrt:std_type_info_static.obj
 0002:000004a8       ??_R3type_info@@8          00000001400034a8     msvcrt:std_type_info_static.obj
 0002:000004c0       ??_R2type_info@@8          00000001400034c0     msvcrt:std_type_info_static.obj
 0002:000004d0       ??_R1A@?0A@EA@type_info@@8 00000001400034d0     msvcrt:std_type_info_static.obj
 0002:00000654       __DELAY_IMPORT_DESCRIPTOR_msvcp140_dll 0000000140003654     msvcprt:MSVCP140.dll
 0002:00000674       __NULL_DELAY_IMPORT_DESCRIPTOR 0000000140003674     msvcprt:MSVCP140.dll
 0002:000006b0       \177MSVCP140_NULL_THUNK_DATA_DLN 00000001400036b0     msvcprt:MSVCP140.dll
 0002:00000790       \177MSVCP140_NULL_THUNK_DATA_DLB 0000000140003790     msvcprt:MSVCP140.dll
 0002:000007c0       \177MSVCP140_NULL_THUNK_DATA_DLU 00000001400037c0     msvcprt:MSVCP140.dll
 0002:000007c8       __IMPORT_DESCRIPTOR_ole32  00000001400037c8     ole32:ole32.dll
 0002:000007dc       __IMPORT_DESCRIPTOR_ntdll  00000001400037dc     ntdllp:ntdll.dll
 0002:000007f0       __IMPORT_DESCRIPTOR_KERNEL32 00000001400037f0     kernel32:KERNEL32.dll
 0002:00000804       __IMPORT_DESCRIPTOR_USER32 0000000140003804     user32:USER32.dll
 0002:00000818       __IMPORT_DESCRIPTOR_api-ms-win-crt-string-l1-1-0 0000000140003818     ucrt:api-ms-win-crt-string-l1-1-0.dll
 0002:0000082c       __NULL_IMPORT_DESCRIPTOR   000000014000382c     ole32:ole32.dll
 0003:00000000       __security_cookie          0000000140004000     msvcrt:gs_cookie.obj
 0003:00000040       __security_cookie_complement 0000000140004040     msvcrt:gs_cookie.obj
 0003:00000050       ??_R0P6AXXZ@8              0000000140004050     ep.obj
 0003:00000068       ??_R0?AVtype_info@@@8      0000000140004068     msvcrt:std_type_info_static.obj
 0003:00000088       __imp_?_CallInContext@_ContextCallback@details@Concurrency@@QEBAXV?$function@$$A6AXXZ@std@@_N@Z 0000000140004088     msvcprt:MSVCP140.dll
 0003:00000090       __imp_?_Reset@_ContextCallback@details@Concurrency@@AEAAXXZ 0000000140004090     msvcprt:MSVCP140.dll
 0003:00000098       __imp_?_Capture@_ContextCallback@details@Concurrency@@AEAAXXZ 0000000140004098     msvcprt:MSVCP140.dll
 0003:000000a0       \177MSVCP140_NULL_THUNK_DATA_DLA 00000001400040a0     msvcprt:MSVCP140.dll
 0003:000000b0       __hmod__MSVCP140_dll       00000001400040b0     msvcprt:MSVCP140.dll
 0003:00000630       ?DloadKernel32@@3PEAUHINSTANCE__@@EA 0000000140004630     Delayimp:delayhlp.obj
 0003:00000638       ?DloadAcquireSRWLockExclusive@@3P6AXPEA_K@ZEA 0000000140004638     Delayimp:delayhlp.obj
 0003:00000640       ?DloadReleaseSRWLockExclusive@@3P6AXPEA_K@ZEA 0000000140004640     Delayimp:delayhlp.obj
 0003:00000648       ?DloadSrwLock@@3_KA        0000000140004648     Delayimp:delayhlp.obj
 0003:00000650       ?DloadSectionLockCount@@3KA 0000000140004650     Delayimp:delayhlp.obj
 0003:00000654       ?DloadSectionOldProtection@@3KA 0000000140004654     Delayimp:delayhlp.obj
 0003:00000658       ?DloadSectionCommitPermanent@@3KA 0000000140004658     Delayimp:delayhlp.obj
 0003:0000065c       ?_G_dwTlsIndex@@3HA        000000014000465c     ep.obj
 0003:00000660       ?_G_msvcp_win@@3HA         0000000140004660     ep.obj
 0003:00000664       __@@_PchSym_@00@UfhvihUsziibUwlxfnvmghUtrgsfyUwwwUgnkUcGEUivovzhvUdrmPBEAUhgwzucOlyq@4B2008FD98C1DD4 0000000140004664     stdafx.obj

 entry point at        0001:00000100

 Static symbols

 0000:ffff7000       .debug$S                   0000000140000000     ucrt:api-ms-win-crt-heap-l1-1-0.dll
 0002:ffffd000       .idata$6                   0000000140000000     ucrt:api-ms-win-crt-heap-l1-1-0.dll
 0000:ffff7000       .debug$S                   0000000140000000     ucrt:api-ms-win-crt-runtime-l1-1-0.dll
 0002:ffffd000       .idata$6                   0000000140000000     ucrt:api-ms-win-crt-runtime-l1-1-0.dll
 0000:ffff7000       .debug$S                   0000000140000000     ucrt:api-ms-win-crt-string-l1-1-0.dll
 0000:ffff7000       .debug$S                   0000000140000000     kernel32:KERNEL32.dll
 0000:ffff7000       .debug$S                   0000000140000000     kernel32:KERNEL32.dll
 0000:ffff7000       .debug$S                   0000000140000000     kernel32:KERNEL32.dll
 0000:ffff7000       .debug$S                   0000000140000000     kernel32:KERNEL32.dll
 0000:ffff7000       .debug$S                   0000000140000000     kernel32:KERNEL32.dll
 0000:ffff7000       .debug$S                   0000000140000000     kernel32:KERNEL32.dll
 0000:ffff7000       .debug$S                   0000000140000000     kernel32:KERNEL32.dll
 0000:ffff7000       .debug$S                   0000000140000000     kernel32:KERNEL32.dll
 0000:ffff7000       .debug$S                   0000000140000000     kernel32:KERNEL32.dll
 0000:ffff7000       .debug$S                   0000000140000000     kernel32:KERNEL32.dll
 0000:ffff7000       .debug$S                   0000000140000000     kernel32:KERNEL32.dll
 0000:ffff7000       .debug$S                   0000000140000000     kernel32:KERNEL32.dll
 0000:ffff7000       .debug$S                   0000000140000000     kernel32:KERNEL32.dll
 0000:ffff7000       .debug$S                   0000000140000000     kernel32:KERNEL32.dll
 0000:ffff7000       .debug$S                   0000000140000000     kernel32:KERNEL32.dll
 0000:ffff7000       .debug$S                   0000000140000000     kernel32:KERNEL32.dll
 0000:ffff7000       .debug$S                   0000000140000000     kernel32:KERNEL32.dll
 0000:ffff7000       .debug$S                   0000000140000000     kernel32:KERNEL32.dll
 0000:ffff7000       .debug$S                   0000000140000000     kernel32:KERNEL32.dll
 0000:ffff7000       .debug$S                   0000000140000000     kernel32:KERNEL32.dll
 0000:ffff7000       .debug$S                   0000000140000000     kernel32:KERNEL32.dll
 0000:ffff7000       .debug$S                   0000000140000000     kernel32:KERNEL32.dll
 0000:ffff7000       .debug$S                   0000000140000000     kernel32:KERNEL32.dll
 0000:ffff7000       .debug$S                   0000000140000000     kernel32:KERNEL32.dll
 0000:ffff7000       .debug$S                   0000000140000000     ntdllp:ntdll.dll
 0000:ffff7000       .debug$S                   0000000140000000     ntdllp:ntdll.dll
 0000:ffff7000       .debug$S                   0000000140000000     ntdllp:ntdll.dll
 0000:ffff7000       .debug$S                   0000000140000000     ole32:ole32.dll
 0000:ffff7000       .debug$S                   0000000140000000     ole32:ole32.dll
 0000:ffff7000       .debug$S                   0000000140000000     user32:USER32.dll
 0000:ffff7000       .debug$S                   0000000140000000     user32:USER32.dll
 0000:ffff7000       .debug$S                   0000000140000000     user32:USER32.dll
 0000:ffff7000       .debug$S                   0000000140000000     user32:USER32.dll
 0000:ffff7000       .debug$S                   0000000140000000     msvcprt:MSVCP140.dll
 0000:ffff7000       .debug$S                   0000000140000000     msvcprt:MSVCP140.dll
 0000:ffff7000       .debug$S                   0000000140000000     msvcprt:MSVCP140.dll
 0000:ffff7000       .debug$S                   0000000140000000     msvcprt:MSVCP140.dll
 0000:ffff7000       .debug$S                   0000000140000000     msvcprt:MSVCP140.dll
 0000:ffff7000       .debug$S                   0000000140000000     msvcprt:MSVCP140.dll
 0000:ffff7000       .debug$S                   0000000140000000     msvcprt:MSVCP140.dll
 0000:ffff7000       .debug$S                   0000000140000000     msvcprt:MSVCP140.dll
 0000:ffff7000       .debug$S                   0000000140000000     msvcprt:MSVCP140.dll
 0000:ffff7000       .debug$S                   0000000140000000     msvcprt:MSVCP140.dll
 0001:000003e0       $$000000                   00000001400013e0     msvcrt:amdsecgs.obj
 0001:00000544       capture_previous_context   0000000140001544 f   msvcrt:gs_report.obj
 0001:000005b8       ??$GuardedWrite@V<lambda_12c727982ba8706383613920a2bbfa17>@@@@YAXPEAX_KV<lambda_12c727982ba8706383613920a2bbfa17>@@@Z 00000001400015b8 f   Delayimp:delayhlp.obj
 0001:000006d4       ??$GuardedWrite@V<lambda_7ce9785d57ad9101eca44ba76fd23ffb>@@@@YAXPEAX_KV<lambda_7ce9785d57ad9101eca44ba76fd23ffb>@@@Z 00000001400016d4 f   Delayimp:delayhlp.obj
 0001:00000bf4       ?PiddFromDllName@@YAPEBUImgDelayDescr@@PEBD@Z 0000000140001bf4 f   Delayimp:delayhlp.obj
 0001:00001060       $$000000                   0000000140002060     msvcrt:guard_dispatch.obj
 0001:00001080       $$000000                   0000000140002080     msvcrt:guard_xfg_dispatch.obj
 0002:00000190       GS_ExceptionPointers       0000000140003190     msvcrt:gs_report.obj
 0002:00000560       $unwind$??_G_ContextCallback@details@Concurrency@@QEAAPEAXI@Z 0000000140003560     ep.obj
 0002:00000560       $unwind$?DliHook@@YAP6A_JXZIPEAUDelayLoadInfo@@@Z 0000000140003560     ep.obj
 0002:00000560       $unwind$?_CaptureCurrent@_ContextCallback@details@Concurrency@@SA?AV123@XZ 0000000140003560     ep.obj
 0002:00000560       $unwind$??3@YAXPEAX_K@Z    0000000140003560     stdafx.obj
 0002:00000560       $unwind$?DloadAcquireSectionWriteAccess@@YAXXZ 0000000140003560     Delayimp:delayhlp.obj
 0002:00000560       $unwind$__raise_securityfailure 0000000140003560     msvcrt:gs_report.obj
 0002:00000560       $unwind$??_Gtype_info@@UEAAPEAXI@Z 0000000140003560     msvcrt:std_type_info_static.obj
 0002:00000568       $unwind$?ep@@YAXPEAX@Z     0000000140003568     ep.obj
 0002:00000568       $unwind$?tf@@YAKPEAV_ContextCallback@details@Concurrency@@@Z 0000000140003568     ep.obj
 0002:00000570       $unwind$?_Delete_this@?$_Func_impl_no_alloc@P6AXXZX$$V@std@@EEAAX_N@Z 0000000140003570     ep.obj
 0002:00000578       $unwind$??2@YAPEAX_K@Z     0000000140003578     stdafx.obj
 0002:00000578       $unwind$?DloadReleaseSectionWriteAccess@@YAXXZ 0000000140003578     Delayimp:delayhlp.obj
 0002:00000580       xdata                      0000000140003580     msvcprt:MSVCP140.dll
 0002:00000588       $xdatasym                  0000000140003588     msvcrt:amdsecgs.obj
 0002:0000058c       $unwind$__report_gsfailure 000000014000358c     msvcrt:gs_report.obj
 0002:00000594       $unwind$capture_previous_context 0000000140003594     msvcrt:gs_report.obj
 0002:000005a0       $unwind$__FUnloadDelayLoadedDLL2 00000001400035a0     Delayimp:delayhlp.obj
 0002:000005b8       $unwind$?DloadGetSRWLockFunctionPointers@@YAEXZ 00000001400035b8     Delayimp:delayhlp.obj
 0002:000005c4       $unwind$?DloadObtainSection@@YAPEAXPEAK0@Z 00000001400035c4     Delayimp:delayhlp.obj
 0002:000005d4       $unwind$?DloadMakePermanentImageCommit@@YAXPEAX_K@Z 00000001400035d4     Delayimp:delayhlp.obj
 0002:000005e0       $unwind$?DloadProtectSection@@YAXPEAX_KKPEAK@Z 00000001400035e0     Delayimp:delayhlp.obj
 0002:000005f8       $unwind$?PiddFromDllName@@YAPEBUImgDelayDescr@@PEBD@Z 00000001400035f8     Delayimp:delayhlp.obj
 0002:00000600       $unwind$__delayLoadHelper2 0000000140003600     Delayimp:delayhlp.obj
 0002:0000061c       $unwind$??$GuardedWrite@V<lambda_7ce9785d57ad9101eca44ba76fd23ffb>@@@@YAXPEAX_KV<lambda_7ce9785d57ad9101eca44ba76fd23ffb>@@@Z 000000014000361c     Delayimp:delayhlp.obj
 0002:00000630       $unwind$??$GuardedWrite@V<lambda_12c727982ba8706383613920a2bbfa17>@@@@YAXPEAX_KV<lambda_12c727982ba8706383613920a2bbfa17>@@@Z 0000000140003630     Delayimp:delayhlp.obj
 0002:00000648       $xdatasym                  0000000140003648     msvcrt:guard_dispatch.obj
 0002:00000650       $xdatasym                  0000000140003650     msvcrt:guard_xfg_dispatch.obj
 0002:0000099c       .idata$6                   000000014000399c     ole32:ole32.dll
 0002:000009e8       .idata$6                   00000001400039e8     ntdllp:ntdll.dll
 0002:00000af8       .idata$6                   0000000140003af8     kernel32:KERNEL32.dll
 0002:00000b56       .idata$6                   0000000140003b56     user32:USER32.dll
 0002:00000c06       .idata$6                   0000000140003c06     ucrt:api-ms-win-crt-string-l1-1-0.dll
 0003:000000c0       GS_ExceptionRecord         00000001400040c0     msvcrt:gs_report.obj
 0003:00000160       GS_ContextRecord           0000000140004160     msvcrt:gs_report.obj
 0005:00000130       $R000000                   0000000140006130     win_140.res
 0005:00000428       $R0002F8                   0000000140006428     win_140.res
 0005:00000788       $R000658                   0000000140006788     win_140.res
 0005:00001158       $R001028                   0000000140007158     win_140.res
